// Jest Snapshot v1, https://goo.gl/fbAQLP

exports[`Pruebas al componente <AddCategories /> should render correctly the component 1`] = `
<form
  onSubmit={[Function]}
>
  <input
    onChange={[Function]}
    type="text"
    value=""
  />
</form>
`;
