// Jest Snapshot v1, https://goo.gl/fbAQLP

exports[`Pruebas para el componente <GifGrid /> should match snapshot 1`] = `
<Fragment>
  <h3
    className=" animate__animated animate__zoomInDown"
  >
    Goku
  </h3>
  <p>
    Loading...
  </p>
  <div
    className="card-grid"
  />
</Fragment>
`;
